// Jest Snapshot v1, https://goo.gl/fbAQLP

exports[`test cases for Add Demand renders AddDemand component correctly 1`] = `
<form
  class="mt-3 p-3 shadow addItems"
  data-testid="add-demand-form"
>
  <div
    class=" row mb-3 "
  >
    <div
      class="form-group col-md-6"
    >
      <label
        data-testid="itemId"
        for="itemId"
      >
        Select Item
      </label>
      <div
        class=" css-b62m3t-container"
      >
        <span
          class="css-1f43avz-a11yText-A11yText"
          id="react-select-2-live-region"
        />
        <span
          aria-atomic="false"
          aria-live="polite"
          aria-relevant="additions text"
          class="css-1f43avz-a11yText-A11yText"
        />
        <div
          class=" css-13cymwt-control"
        >
          <div
            class=" css-16674sh-Component"
          >
            <div
              class=" css-1jqq78o-placeholder"
              id="react-select-2-placeholder"
            />
            <div
              class=" css-d9r47t-Component"
              data-value=""
            >
              <input
                aria-autocomplete="list"
                aria-describedby="react-select-2-placeholder"
                aria-expanded="false"
                aria-haspopup="true"
                autocapitalize="none"
                autocomplete="off"
                autocorrect="off"
                class=""
                id="react-select-2-input"
                role="combobox"
                spellcheck="false"
                style="opacity: 1; width: 100%; grid-area: 1 / 2; min-width: 2px; border: 0px; margin: 0px; outline: 0; padding: 0px;"
                tabindex="0"
                type="text"
                value=""
              />
            </div>
          </div>
          <div
            class=" css-ny0e4k-Component"
          >
            <span
              class=" css-1u9des2-indicatorSeparator"
            />
            <div
              aria-hidden="true"
              class=" css-1xc3v61-indicatorContainer"
            >
              <svg
                aria-hidden="true"
                class="css-tj5bde-Svg"
                focusable="false"
                height="20"
                viewBox="0 0 20 20"
                width="20"
              >
                <path
                  d="M4.516 7.548c0.436-0.446 1.043-0.481 1.576 0l3.908 3.747 3.908-3.747c0.533-0.481 1.141-0.446 1.574 0 0.436 0.445 0.408 1.197 0 1.615-0.406 0.418-4.695 4.502-4.695 4.502-0.217 0.223-0.502 0.335-0.787 0.335s-0.57-0.112-0.789-0.335c0 0-4.287-4.084-4.695-4.502s-0.436-1.17 0-1.615z"
                />
              </svg>
            </div>
          </div>
        </div>
      </div>
    </div>
    <div
      class="form-group col-md-6"
    >
      <label
        data-testid="locationId"
        for="LocationId"
      >
        Location Id
      </label>
      <div
        class=" css-b62m3t-container"
      >
        <span
          class="css-1f43avz-a11yText-A11yText"
          id="react-select-3-live-region"
        />
        <span
          aria-atomic="false"
          aria-live="polite"
          aria-relevant="additions text"
          class="css-1f43avz-a11yText-A11yText"
        />
        <div
          class=" css-13cymwt-control"
        >
          <div
            class=" css-16674sh-Component"
          >
            <div
              class=" css-1jqq78o-placeholder"
              id="react-select-3-placeholder"
            />
            <div
              class=" css-d9r47t-Component"
              data-value=""
            >
              <input
                aria-autocomplete="list"
                aria-describedby="react-select-3-placeholder"
                aria-expanded="false"
                aria-haspopup="true"
                autocapitalize="none"
                autocomplete="off"
                autocorrect="off"
                class=""
                id="react-select-3-input"
                role="combobox"
                spellcheck="false"
                style="opacity: 1; width: 100%; grid-area: 1 / 2; min-width: 2px; border: 0px; margin: 0px; outline: 0; padding: 0px;"
                tabindex="0"
                type="text"
                value=""
              />
            </div>
          </div>
          <div
            class=" css-ny0e4k-Component"
          >
            <span
              class=" css-1u9des2-indicatorSeparator"
            />
            <div
              aria-hidden="true"
              class=" css-1xc3v61-indicatorContainer"
            >
              <svg
                aria-hidden="true"
                class="css-tj5bde-Svg"
                focusable="false"
                height="20"
                viewBox="0 0 20 20"
                width="20"
              >
                <path
                  d="M4.516 7.548c0.436-0.446 1.043-0.481 1.576 0l3.908 3.747 3.908-3.747c0.533-0.481 1.141-0.446 1.574 0 0.436 0.445 0.408 1.197 0 1.615-0.406 0.418-4.695 4.502-4.695 4.502-0.217 0.223-0.502 0.335-0.787 0.335s-0.57-0.112-0.789-0.335c0 0-4.287-4.084-4.695-4.502s-0.436-1.17 0-1.615z"
                />
              </svg>
            </div>
          </div>
        </div>
      </div>
    </div>
  </div>
  <div
    class=" row"
  >
    <div
      class="form-group col-md-6"
    >
      <label
        data-testid="demandType"
        for="demandType"
      >
        Demand Type
      </label>
      <select
        aria-label="Default select example"
        class="form-select"
        required=""
      >
        <option
          value=""
        >
          Choose Demand
        </option>
        <option>
          PLANNED
        </option>
        <option>
          HARDPROMISED
        </option>
      </select>
    </div>
    <div
      class="form-group col-md-6"
    >
      <label
        data-testid="Quantity"
        for="Quantity"
      >
        Quantity
      </label>
      <input
        class="form-control"
        id="Quantity"
        placeholder="Enter Quantity"
        required=""
        type="text"
        value=""
      />
    </div>
  </div>
  <button
    class="MuiButtonBase-root MuiButton-root MuiButton-contained MuiButton-containedPrimary MuiButton-sizeMedium MuiButton-containedSizeMedium MuiButton-root MuiButton-contained MuiButton-containedPrimary MuiButton-sizeMedium MuiButton-containedSizeMedium bg-info text-black css-lll1vm-MuiButtonBase-root-MuiButton-root"
    tabindex="0"
    type="submit"
  >
    Upadte Demand
    <span
      class="MuiTouchRipple-root css-8je8zh-MuiTouchRipple-root"
    />
  </button>
  <button
    class="MuiButtonBase-root MuiButton-root MuiButton-contained MuiButton-containedError MuiButton-sizeMedium MuiButton-containedSizeMedium MuiButton-root MuiButton-contained MuiButton-containedError MuiButton-sizeMedium MuiButton-containedSizeMedium css-7ba66y-MuiButtonBase-root-MuiButton-root"
    tabindex="0"
    type="button"
  >
    Cancel
    <span
      class="MuiTouchRipple-root css-8je8zh-MuiTouchRipple-root"
    />
  </button>
</form>
`;
